baz
30
40
50
60
qux
40
qat
10
20
30
bar
10
20
30
40
foo
10
20